// Jest Snapshot v1, https://goo.gl/fbAQLP

exports[`CNS offer generation: response 1`] = `
Object {
  "offer": "offer1qqz83wcsltt6wcmqvps0t0y3e0cd2glpf5lvwd3xums25u8d2t2cw0lykgegfnu9wtv8h4pl78cmv2gdjag2al0k7kjvf5tm4waa6f65jel3detudlffu99malhfh7gvzrqqsmuzphm7jkascyda5d883wk8nkmpzt2ryf2k3864e6f8jkfr8veyxuhmt6y57t7lsge570g34zaxv5mmsfxuze9rqkpn838qy6c9r0udl78lstm37j548sp3yr4y0h9nwknndpuem92aw826nmn4fvhzau6mwtm2pm223r4gd494ewt4j646vlhmphf4lapd0528utnp2llenz2048428kurlptapaqkx58rqck33yw6zukfqwg25qeraey5shwt6svyxfedyeqy0trqv4cs7dssjc3752p83qg070qa0e6llsckt8hqypcld6vhywnjxn4mnmd3rgkevhl7z25lf4rq0wyvzya9c2ldzqnx0h2l6fm8h24jm4z08kq8pdtjhpdxlhu7ykh67n8gk2jzsmsy4wdr6v0nsknn50f3lg7nrlls0705qujx6tagtaj3f08lamzs0a6wwwexmw5nujl0hj8esnlq3y6cwx4ahjf0km2velalspgwjsdc3nlq7x7usqf68yewk3yspgun9mph05s9nnspwt8sn504aeslktzvastqmaha7p4xh3m9dj24ewfym4haxrcg7ev70syfvt62llhuk2pf9y5td5kh9a8uej2f9hg5kjfd6v4jut2g9h9vkt6t6s45mnjgenxykjwjf08vl4w0e3xawn7w90tykj3nx49rvdej609j5jq8t2vtrgrvuyzwunxrala78k2hrweph2mntpk8pvyg6uy9rl3jful4fg4dmr60llaxmnf07pc2vptftfj42ktfdxv62enzdec657tfnx39z7t3gfh9ycn9v9n9j7nwfenxjkn9v949rrnktel8yjn92f99agj3d9d8y6t2t6h95ktw3e68ar4057u8nydnkwlert5sd9a988nlswux8vax27shhfz9d7peganqvfy9lxrnh955vumcqtxwtrswy84nkdct98dta0amtshxn7hh28e42kldnm4gl0yl3u6w66mn950kgp2njs885hqfe9u5nptfn9y6n90ft8zc2kg45657t2gfk66j26f9mx5c2f29vk2uvehf9y652k2egcu5tgr0g5nz4fvmd2tev4r85e27sxy4uejpt2c4uhj6f9c5jlj3vfa25hjwve0tvljwveex5hn34f0yzjs6epynjxgtjnf9mve0nhalr7ksyuk6w2w4dnwcwd66dpuyt49lth60v8lmutc05q9q4t3re5ycvdcsnzzv445ynrhffcpm9unj8vff8yjn7s4fyvuqhjjpg7yv9w7t988g2rzxemyh25gz4lh97s90hjnk20dsu76w3djfhec0f0udwc3fterj0ejswtg733xuarzpcq0hls0emxprx60wsve3qu5lhr4w0e2mjls4sd6g37haq5nuuwuae2ml3k3zthch8uap5p3tkn0h6n2jpjnqu5v94am5wjpxkayzd0gy7u8a5aenwmypm5nykjv757em6037f82ff8kc0fhfjmjz690hxz2k49s0uxetzjas7sy5x5chuqfe4uq504s6ue3ed2lr8f0r80ze4lj6rmffkdsa4es0rd4qa6gyakdlq6lltghta86xlmnzhsa6zkava6lhfsm9ncu57a032h32x6s99lll9usrgvqfkctnfssywc8tpug9etrwqcgau0lskzk77t42g0au0yuz9knsfwuuquhwfa0m07al3l7t3adyerxsh8sn9tngyaqs2szv70svqnq0nl0hmmr0st96vl9l64tpua57lmf926ntxteat0v8zuww70ah79p087r6nqe9s0qmz9qujgpygsvnt7ywg3rcdyuzyqwjdzgl3lc9zkruk7rcuuymzp4d0egvnysln7nrps6nvttcfpjtvk0f9wmkre5sddstz6zz2mvev4dthe2r3j8gsjxswm7e6un4sld9um4fehgjsy3cvm6lftxalat022d82svgs5qfwtr67schducr6hmjmrmdhfvl54wp2ad7pf9tecwh0gj9um8rxrgk9xss8yaveze6sq6r4npm8txrkwkv8vavezu699rcw7d3vmpazcw769saa5tpmmgkrhk3v90wgynlwjvp09m350pmeg7rhjydcp500njggvp6e394360gxrhll5tpmmgkrhkp8mxyk2xklchms487awachulyw5gs6lwhpm95l0tcwm9ekxch9fxg5adtwe5z7r0c7gr77sps5xs4nuzqxqs52g9nanlj7783hqhfkm6w5rr9lj0u0wdl45exwcrw4x4ete0ma4wyg8vjken27vd4sdhvl23u3j6jk43tlh4vc36ujr3m7c7aa5aa2t37pmyq9afyl47vhlcy0xwtktjh2jhtefsftmtn5e82uatjvw2g3cd6r4aaen9x0tf9hzw6nhkwdmrncjwfd9jmyj7ks002tj7dlmut7w960m5p7xlmwjj03wva7krszuq0xqqg3yvdhy2u",
}
`;
