// Jest Snapshot v1, https://goo.gl/fbAQLP

exports[`Basic Cryptography: address 1`] = `"xch13akv0y3er0qvdjwzks2gm4ljj7qpynrh6rcsnwc6y0hyfgzdj89sr43zcp"`;

exports[`Basic Cryptography: farmerpubkey 1`] = `"99f181b1b30865339eea4e61172e64282ed1793022363f6635affbfb2aa2f4384ef10df47a445f92d685c7265488777e"`;

exports[`Basic Cryptography: fingerprint 1`] = `"2308828858"`;

exports[`Basic Cryptography: hash 1`] = `"9f86d081884c7d659a2feaa0c55ad015a3bf4f1b2b0b822cd15d6c15b0f00a08"`;

exports[`Basic Cryptography: masterprikey 1`] = `"67b3dcf5ba985f77b7bb78b3edfd7e501f4669a3530b74f2247256e38b0529e2"`;

exports[`Basic Cryptography: masterpubkey 1`] = `"89d4ca795881dc192cf7e0bcf22528c3d7708f57aa644647ae2506cd10405dc528b36e450ab901675f7a6289a4335a22"`;

exports[`Basic Cryptography: poolpubkey 1`] = `"9896eb01246db07360b4caba1861a6d13c5be923e28a68ba8429d841c5dfa429e05ef639003793c4715a8be4578abe9e"`;

exports[`Basic Cryptography: walletprikey 1`] = `"0408d4c5e7c97af49dd5605db1907a231761c0cba816c778e74c8de24d0793cd"`;

exports[`Basic Cryptography: walletpubkey 1`] = `"8b58921998b2337fd9d4a410e8bd11dfda435feb92dc3d6f3e111194b99a0391f39cf9b9534a44d154c9d7492400f36b"`;

exports[`Coin Name: coinname 1`] = `"c62152493a6f3fbca7a918a8258e52f84c4e8aa286b8ebf1b0d5e5dda7fa7e6f"`;

exports[`Puzzle Assemble 1`] = `"(q (a b c) (d e f))"`;

exports[`Puzzle Assemble 2`] = `"(q (a b c) (d e (f \\"g\\") ()))"`;
