// Jest Snapshot v1, https://goo.gl/fbAQLP

exports[`CNS offer generation: response 1`] = `
Object {
  "offer": "offer1qqr83wcuu2rykcmqvps0t0y3e0cd2glpf5lvwd3xums25u8d2t2cw0lykgegfnu9wtv8h4pl78cmv2gdjag2al0k7kjvf5tm4waa6f65jel3detudlffu99malhfh72qxdqqpmz8qscceeaccyrx76xnnshm9endsay4pju5tqjavua9na2y4nkvjtwte49z20900cu06rxyw6evn2tdmcyjwpdj3stqehcrszdvz4kzqur5dnqlkra9f20qzzg862lw2xad8x6tenk246uw548hhgj309le95uhh5rky4z82sl2mtjuktp4mkeh0k8wnfl6r6lgydcl8z4l03xy5l20650de87zh6r6qvdgwxp3drzg35cpvjz2qc4w8smgkcs4283ge4tksqqmq0rnquqyx8pzc3qsy0z0qp03qg07dqa0e7llsc728nq5rchv6vh5wnj8n3mrmdergjeuhlkr25lfhrqwwpqjca9c2mdzznxwh2l6fm0k23jmhz0xky83dtjkpfxlhu79kh6wn8gh2kzqesv4wfr70zzxu7yydeugsm5pcyfyd5h6shm9zj70lmk9qlm5uuajdkaf8e97l0y0np87pzf4sudtm0yjldk5enlmlqzsa9qm3ryx3uqvrzw3nx5arxdf6xvjn5nx5mqqjlkpqt0lnct9lcs5hmqupnm0mandvr9xkeu4tj6jektym58s8l6cumycwc8e5t60l05vj2fgyc3t0h7l93yunn2p90v56setmckjst22908ukfztm5hy3nzve0y5yj77flzulhxdca8auj7x90dyx3f6xernyvemmtyzwjsg2xgtegtyacxwxn7tu0u70k6jrwa382ru2ps83dug6y899lelgse9m29ymqgr3ju6tlc0znq2c2jd4w4zctfnxkkucnxwx48z6ve4fvhzu22vefx5etpveghymjwde54ymtfvfgcuaj7weay5e26gft25ktp2faxjcj74ed9jm5w03lgdta0hpcenwank7g6ayrfwfdeuauthp3mhfjh59e6gnt8sww8vcrzgptes7aev988svw4w9ymk8qvt00xvaskfw6h2am7hp2dhl0kk0h29f7txhw37uflreua4nh72gspuw7vpc0vl7rayczwf09yc26vefx5et62eckz4j9dx48j6jzdkk5jkjfwe4xzj23t9jhrxd6ffx4z4jk2x89z6qm69yc42txm2j7t9geax2h5p390xvs26k909ukjfw9yhu5tz0249unnxt6m8unnxwf49uud2teq55xkgfyu3jzu56fwmxtual0cl45p89knjn4tvmkrnwkng0pzaf06a7nmpl7lz7raqpg92ug7dpsrvwyycsn9ddpyca62wqwe0yu3mz2fey5l592fr8q9u5s283rpthjefe6zsc3kwe964zq40ae05ptau5ajnmv88kn5tvjd7wr6tlrtky227ganj73m89arkwt68vuhc0u8vykjwcwa6lf27t7j4pnfzr6hhz7wr3mm59t07y6utwnzulnv8s29w6dka2vrewuug3cd94am5wst8qaqkwrgv7qkjhvdmdsrwjwjjfn7nm90pl8eydf9y7mpakaxr0g0g47usf265xrlc69v2m5rjpj56rzlcp8q8wlsvsx4ntswa0uv6u8xh5tg0d48ejrwnxelas5rnfqnk3huytlaawuh3l560yd6lr8t2m5r4t6lk0vkfr2nmela27pfpzkjqc250llchzqdfspxmpvdxrq5v0qm8uqm9v0ctqrns7ze7qtd0fmav8xu8yw3qmdu5pvkw0lh5wkall77g3ad5lzkuhnsrngtz9eyqws297rkqx8w9cvyuamal7umvve7384d7atc28d8hkme0kyef6l0fm8pgazmnnm0llgmclyu5c8fvrxxyux8qf4yqk2swjlclpnsnvgx44ldqjgjn70jdvxr2039wpyxe0j3uy4m760xjp3kpwtqgf0dr9ja5wm9cwxqazxg6pm0680j75r44hhw99xar2yj8pn82a9vmhladaff5a2fszzs39eywt7rjahnq02lwfv8dka9n7jae9t48c9v50rp6la2ghnvvvcdzc56zzun5npmhfxrhwjv8waycwa6fsam5npmhfxrhwjv8waycwa6fsam5npmhfxrhwjv8waycwa6fsam5npmhfxrhwjv8waycj7kxzhjzk8m8lsd97f0a7hvuy7hck68ghdm9slh2cke4hhkuhpgxz54vtw65x7mfcztn77q8sgysmnvzq7pqj2gzn9jl7l7p30rhtktuwvprtlj2um0ah4ylx6cnx5xhen6l4u4dyc8v5h332wdals9jv8t37327j64pt7l4vcj6ujmkmzc7luv7a6235pm8qa7fz746vmlg2072tjtzmt6ntftsd2mvnueh2u4djvd6x3qv6lka3cmxxm2e8hj26nhxgdm8nu37dd95ms3wj30t28n79lt7t7w970r4p7x0l0240fdvelxxs2aspucqpzyskcrhrj",
}
`;
