// Jest Snapshot v1, https://goo.gl/fbAQLP

exports[`CNS offer generation: response 1`] = `
Object {
  "offer": "offer1qqz83wcsltt6wcmqvps0t0y3e0cd2glpf5lvwd3xums25u8d2t2cw0lykgegfnu9wtv8h4pl78cmv2gdjag2al0k7kjvf5tm4waa6f65jel3detudlffu99malhfh7gvzrqqsmuzphm7jkascyda5d883wk8nkmpzt2ryf2k3864e6f8jkfr8veyxuhmt6y57t7lsge570g34zaxv5mmsfxuze9rqkpn838qy6c9r0udl78lstm37j548sp3yr4y0h9nwknndpuem92aw826nmn4fvhzau6mwtm2pm223r4gd494ewt4j646vlhmphf4lapd0528utnp2llenz2048428kurlptapaqkx58rqck33yw6zukfqwg25qeraey5shwt6svyxfedyeqy0trqv4cs7dssjc3752p83svvhr8rjtl0f7w9duf7al87vzutxs0tctptef7e55hka02n5vudgdeumsr93ngwzknfsucrn6l7j2mdk5u4a5nf43e7tzu952f5ah83047j5am4u4q3xgz90jsanhlvp5v6rwwluxyalmurlj988usxj76pl5428c8awuhnawrhn2fkm5uaynma637wyl6y0xxy3fda6nn7kxjkdlhlqkzy5r7zvh68lk8qq6wp38t559xsyxyawsvmayewuqzt7cypal70qvhljqjhvrsxldl0kd3suk6mxj4wt2txevhws7qh7t8nu3pmqlz3lfl473jff9qmr9d70eukynjwd2y4ujn2n908z62pdfg4ulje5f0xjujxvfn9uj5jtee8atn7veht5lnjt6c4u55649gm9wv3n909vsf66rpgcpt9pvnhqec60m03lna7m2gd6kyacd3g8q69h3rg3u5h08a2zyndckn0llehukt0u06sqze65d9d42etfnx5kserxwwh8z6ue4pvhxu2gvpfxucmrv3ghv6z2deh4v6ttv3gc5uz7welyuc66g3f25hmr2puxkcjc4f09765g0elgfta0hemenwd3kwf6ayr0wpve5uu0he3mngjn5am6qjm9sk08yerxgpfeslaevdy8jaszer3ccpp0aucnkze8m2uth0679fkla72m7ag48ev6aj8m48ud8mhk2lftzdkq74v5qf69uz7d09ycj6v4fx5en624exy429dg5hn6jpdchynk2fwe5kyjj3t9jhzxfee889y4242g89r6se2p9cj20xmynwd9veay2lnpfx0gvst6290tukjf29yhu5tztf48atjxtem9atnx2f48uu2206s55kjgp8v4j2c5z2waxnaa8wgl4u88e5njndfvm4na0x3gtpjhgh7ak3t0l7cz7rawpcq25270qwxrj95ksrydfz5kujvwudfp9vckgszc6wt9nfa5tglvf6yg3yzkm47l99t8020vujtdk8ydywqxx46weup3xejjtahyvcjjw294u3rjqukytxfdt5ch9uad4q00a9pf079ad2cd2d4anljucnjkpetauwju2gfg700kq2tlgcnwu5tjmr5ufh8fc5wspalar6wmsg3knl5nxug89ragatml2juh79yzwjylhlgyyl8n48w2kmudkg6a79el9g9pvwa5ea756ssvkc8yr9dlvar5qfk8gqnd6p8crld8wvmkmqxaya9yn8a8k27r70jg6j2fakrmd6vx7s73taeqj44gv8l352c4hg8yr9f5x9lszwd0qprdvxlxvwd64c3mtcem6kd0uks762djvrd7wrs6dv8wjp0vn0ck4lj697lfu3hluu4v8ws5h0874ajdxavw890htc29u23k59flll3wyq6hqzdkzc6syprkp7clqpx2clskz8lrlc9q4hhjawjrl0rc8q3dku22hrq88m60t7mlh05wlku0ffwfes9euy32u6p8gyz4qn8rurqycxhy0r6fammc0arha65nxcv7kpxmra5zck7emrn7v4teuk6473eh7l39fswjcxyd9u2sv3t3cnsry8770pp66sd2re2t8ew85c5veuy4my66pc2nnznwttuug7dcrdf7u9nha2hmj3fz5rzy4yzm3sh24lydf0aa5ct77xa0wtjxawch2hwkcgwc9077rctnhth7upfa67f5wpmm2xrfz3c80drsw768qaa5wpmm2yewf6tq9mtxcwpmmqarhkp680vr5w7c3f0dersw7mps23c80drsw768qaa5wpmmgurhk3c80drsw768qaawr4rlc2clwl7pxahmw2gh0c0nnwwhl8zat4ehw6nulja6zy476tr0m9dex809etf0zqhwwyc6qqz67pcnzgzy7qxdw6dc99uvjfhytztl2kp7hgpqmsuhzehfefa4jl78p6aaws4r0dc92u9nrmhwleahtgtpyle53tatmtalnxp5tcymu6gkjj0lwah4mltkv40utehrnwlemulm09n2eax05yx0a8a5y09se82yaf0rhr6j0nmnla2z4ysqlgpp62s3j2cdr",
}
`;
